[2026-09-30 05:49:38.214Z][SU][INF][Logger:Roche.Sting.SoftwareUpdate.PackageManagement.Handlers.CurrentUserIdProvider][Thread:45]Start handling event 'UserLoggedIn' with data UserData: 'Userid: 'szczecin7', Roles: 'X800DM_LabManager, X800DM_Operator, X800DM_TechnicalValidator', UserInfo: 'Fullname: '<null>', Email: '<null>'', UserPreferences: 'Nickname: 'Szczecin ', Lab_language: 'pl-PL', Preferred_language: 'pl-PL', Virtual_keyboard: 'en-GB''', Timestamp: '2026-09-30 05:49:38.211Z' ...[EOL]
[2026-09-30 05:49:38.216Z][SU][INF][Logger:Roche.Sting.SoftwareUpdate.PackageManagement.Handlers.CurrentUserIdProvider][Thread:45]Finished handling event 'UserLoggedIn' with data UserData: 'Userid: 'szczecin7', Roles: 'X800DM_LabManager, X800DM_Operator, X800DM_TechnicalValidator', UserInfo: 'Fullname: '<null>', Email: '<null>'', UserPreferences: 'Nickname: 'Szczecin ', Lab_language: 'pl-PL', Preferred_language: 'pl-PL', Virtual_keyboard: 'en-GB''', Timestamp: '2026-09-30 05:49:38.211Z'[EOL]
[2026-09-30 06:11:08.837Z][SU][INF][Logger:Roche.Sting.SoftwareUpdate.Lifecycle.SoftwareUpdateLifecycleProcessManager][Thread:77]Handling event 'InstrumentStateChanged' from IS with data OldState: 'Standby', NewState: 'Maintenance', ProcessContext: 'ContextId: 'InstrumentState.InstrumentStateManager'' ...[EOL]
[2026-09-30 06:15:09.487Z][SU][INF][Logger:Roche.Sting.SoftwareUpdate.Lifecycle.SoftwareUpdateLifecycleProcessManager][Thread:19]Handling event 'InstrumentStateChanged' from IS with data OldState: 'Maintenance', NewState: 'Initializing', ProcessContext: 'ContextId: 'InstrumentState.InstrumentStateManager'' ...[EOL]
[2026-09-30 06:16:49.827Z][SU][INF][Logger:Roche.Sting.SoftwareUpdate.Lifecycle.SoftwareUpdateLifecycleProcessManager][Thread:28]Handling event 'InstrumentStateChanged' from IS with data OldState: 'Initializing', NewState: 'Standby', ProcessContext: 'ContextId: 'InstrumentState.InstrumentStateManager'' ...[EOL]
[2026-09-30 06:20:37.624Z][SU][INF][Logger:Roche.Sting.SoftwareUpdate.Lifecycle.SoftwareUpdateLifecycleProcessManager][Thread:55]Handling event 'InstrumentStateChanged' from IS with data OldState: 'Standby', NewState: 'Maintenance', ProcessContext: 'ContextId: 'InstrumentState.InstrumentStateManager'' ...[EOL]
[2026-09-30 06:24:30.343Z][SU][INF][Logger:Roche.Sting.SoftwareUpdate.Lifecycle.SoftwareUpdateLifecycleProcessManager][Thread:32]Handling event 'InstrumentStateChanged' from IS with data OldState: 'Maintenance', NewState: 'Initializing', ProcessContext: 'ContextId: 'InstrumentState.InstrumentStateManager'' ...[EOL]
[2026-09-30 06:26:10.721Z][SU][INF][Logger:Roche.Sting.SoftwareUpdate.Lifecycle.SoftwareUpdateLifecycleProcessManager][Thread:37]Handling event 'InstrumentStateChanged' from IS with data OldState: 'Initializing', NewState: 'Standby', ProcessContext: 'ContextId: 'InstrumentState.InstrumentStateManager'' ...[EOL]
[2026-09-30 06:30:07.928Z][SU][INF][Logger:Roche.Sting.SoftwareUpdate.Lifecycle.SoftwareUpdateLifecycleProcessManager][Thread:29]Handling event 'InstrumentStateChanged' from IS with data OldState: 'Standby', NewState: 'Preparing', ProcessContext: 'ContextId: 'InstrumentState.InstrumentStateManager'' ...[EOL]
[2026-09-30 06:34:50.750Z][SU][INF][Logger:Roche.Sting.SoftwareUpdate.Lifecycle.SoftwareUpdateLifecycleProcessManager][Thread:23]Handling event 'InstrumentStateChanged' from IS with data OldState: 'Preparing', NewState: 'Ready', ProcessContext: 'ContextId: 'InstrumentState.InstrumentStateManager'' ...[EOL]
[2026-09-30 08:52:44.668Z][SU][INF][Logger:Roche.Sting.SoftwareUpdate.PackageManagement.Handlers.CurrentUserIdProvider][Thread:23]Start handling event 'UserLoggedOut' with data UserData: 'Userid: 'szczecin7', Roles: 'X800DM_LabManager, X800DM_Operator, X800DM_TechnicalValidator', UserInfo: 'Fullname: '<null>', Email: '<null>'', UserPreferences: 'Nickname: 'Szczecin ', Lab_language: 'pl-PL', Preferred_language: 'pl-PL', Virtual_keyboard: 'en-GB''', Timestamp: '2026-09-30 08:52:44.665Z' ...[EOL]
[2026-09-30 08:52:44.668Z][SU][INF][Logger:Roche.Sting.SoftwareUpdate.PackageManagement.Handlers.CurrentUserIdProvider][Thread:23]Finished handling event 'UserLoggedOut' with data UserData: 'Userid: 'szczecin7', Roles: 'X800DM_LabManager, X800DM_Operator, X800DM_TechnicalValidator', UserInfo: 'Fullname: '<null>', Email: '<null>'', UserPreferences: 'Nickname: 'Szczecin ', Lab_language: 'pl-PL', Preferred_language: 'pl-PL', Virtual_keyboard: 'en-GB''', Timestamp: '2026-09-30 08:52:44.665Z'[EOL]
[2026-09-30 08:53:11.321Z][SU][INF][Logger:Roche.Sting.SoftwareUpdate.PackageManagement.Handlers.CurrentUserIdProvider][Thread:32]Start handling event 'UserLoggedIn' with data UserData: 'Userid: 'sobierm1', Roles: 'X800DM_RSR', UserInfo: 'Fullname: '<null>', Email: '<null>'', UserPreferences: 'Nickname: 'roche fsr', Lab_language: 'pl-PL', Preferred_language: 'en-US', Virtual_keyboard: 'en-US''', Timestamp: '2026-09-30 08:53:11.320Z' ...[EOL]
[2026-09-30 08:53:11.321Z][SU][INF][Logger:Roche.Sting.SoftwareUpdate.PackageManagement.Handlers.CurrentUserIdProvider][Thread:32]Finished handling event 'UserLoggedIn' with data UserData: 'Userid: 'sobierm1', Roles: 'X800DM_RSR', UserInfo: 'Fullname: '<null>', Email: '<null>'', UserPreferences: 'Nickname: 'roche fsr', Lab_language: 'pl-PL', Preferred_language: 'en-US', Virtual_keyboard: 'en-US''', Timestamp: '2026-09-30 08:53:11.320Z'[EOL]
[2026-09-30 08:53:19.840Z][SU][INF][Logger:Roche.Sting.SoftwareUpdate.Lifecycle.SoftwareUpdateLifecycleProcessManager][Thread:32]Handling event 'InstrumentStateChanged' from IS with data OldState: 'Ready', NewState: 'Service', ProcessContext: 'ContextId: 'InstrumentState.InstrumentStateManager'' ...[EOL]
[2026-09-30 09:03:42.199Z][SU][INF][Logger:Roche.Sting.SoftwareUpdate.Lifecycle.SoftwareUpdateLifecycleProcessManager][Thread:33]Handling event 'InstrumentStateChanged' from IS with data OldState: 'Service', NewState: 'ShuttingDown', ProcessContext: 'ContextId: 'InstrumentState.InstrumentStateManager'' ...[EOL]
[2026-09-30 09:03:42.200Z][SU][INF][Logger:Roche.Sting.SoftwareUpdate.Lifecycle.SoftwareUpdateLifecycleProcessManager][Thread:33]SoftwareUpdateLifecycleProcessManager StateMachine firing event 'ShuttingDown' ...[EOL]
[2026-09-30 09:03:42.200Z][SU][INF][Logger:Roche.Sting.SoftwareUpdate.Lifecycle.SoftwareUpdateLifecycleProcessManager][Thread:33]Publishing event 'UnitStateChanged' with data UnitId: 'Roche.C5800.SoftwareUpdate', OldState: 'Operational', NewState: 'ShuttingDown', ProcessContext: 'ContextId: 'Roche.C5800.SoftwareUpdate'' ...[EOL]
[2026-09-30 09:03:42.210Z][SU][INF][Logger:Roche.Sting.SoftwareUpdate.Lifecycle.SoftwareUpdateLifecycleProcessManager][Thread:33]SoftwareUpdateLifecycleProcessManager StateMachine changed from state 'Operational' to 'ShuttingDown'[EOL]
[2026-09-30 09:03:42.210Z][SU][INF][Logger:Roche.Sting.SoftwareUpdate.Lifecycle.SoftwareUpdateLifecycleProcessManager][Thread:33]State machine transited to state 'ShuttingDown'[EOL]
[2026-09-30 09:03:42.210Z][SU][INF][Logger:Roche.Sting.SoftwareUpdate.Lifecycle.SoftwareUpdateLifecycleProcessManager][Thread:33]SoftwareUpdateLifecycleProcessManager StateMachine firing event 'ShutDown' ...[EOL]
[2026-09-30 09:03:42.210Z][SU][INF][Logger:Roche.Sting.SoftwareUpdate.Lifecycle.SoftwareUpdateLifecycleProcessManager][Thread:33]Publishing event 'UnitStateChanged' with data UnitId: 'Roche.C5800.SoftwareUpdate', OldState: 'ShuttingDown', NewState: 'ShutDown', ProcessContext: 'ContextId: 'Roche.C5800.SoftwareUpdate'' ...[EOL]
[2026-09-30 09:03:42.211Z][SU][INF][Logger:Roche.Dia.Messaging.RabbitMQ.RabbitMQClient][Thread:33]Stop receiving messages for SystemMessageBus ...[EOL]
[2026-09-30 09:03:42.222Z][SU][INF][Logger:Roche.Sting.SoftwareUpdate.SoftwareUpdateModule][Thread:33]Shutting down module 'SoftwareUpdateModule' ...[EOL]
[2026-09-30 09:03:42.224Z][SU][INF][Logger:Roche.Sting.SoftwareUpdate.SoftwareUpdateModule][Thread:33]Shutting down submodule 'SoftwareUpdateModule' ...[EOL]
[2026-09-30 09:03:42.224Z][SU][INF][Logger:Roche.Sting.SoftwareUpdate.PackageManagement.Installation.UpdateInstallationModule][Thread:33]Shutting down submodule 'UpdateInstallationModule' ...[EOL]
[2026-09-30 09:03:42.224Z][SU][INF][Logger:Roche.Sting.SoftwareUpdate.PackageManagement.Installation.UpdateInstallationModule][Thread:33]'UpdateInstallationModule' submodule successfully shut down[EOL]
[2026-09-30 09:03:42.229Z][SU][INF][Logger:Roche.Sting.SoftwareUpdate.PackageManagement.Import.PackageImportModule][Thread:33]Shutting down submodule 'PackageImportModule' ...[EOL]
[2026-09-30 09:03:42.229Z][SU][INF][Logger:Roche.Sting.SoftwareUpdate.PackageManagement.Import.PackageImportModule][Thread:33]'PackageImportModule' submodule successfully shut down[EOL]
[2026-09-30 09:03:42.229Z][SU][INF][Logger:Roche.Sting.SoftwareUpdate.PackageManagement.UpdateManagerModule][Thread:33]Shutting down submodule 'UpdateManagerModule' ...[EOL]
[2026-09-30 09:03:42.229Z][SU][INF][Logger:Roche.Sting.SoftwareUpdate.PackageManagement.UpdateManagerModule][Thread:33]'UpdateManagerModule' submodule successfully shut down[EOL]
[2026-09-30 09:03:42.231Z][SU][INF][Logger:Roche.Sting.SoftwareUpdate.OperatingSystem.OperatingSystemModule][Thread:33]Shutting down submodule 'OperatingSystemModule' ...[EOL]
[2026-09-30 09:03:42.231Z][SU][INF][Logger:Roche.Sting.SoftwareUpdate.OperatingSystem.OperatingSystemModule][Thread:33]'OperatingSystemModule' submodule successfully shut down[EOL]
[2026-09-30 09:03:42.233Z][SU][INF][Logger:Roche.Sting.SoftwareUpdate.SoftwareUpdateModule][Thread:33]'SoftwareUpdateModule' submodule successfully shut down[EOL]
[2026-09-30 09:03:42.235Z][SU][INF][Logger:Roche.Sting.SoftwareUpdate.SoftwareUpdateModule][Thread:33]'SoftwareUpdateModule' module successfully shut down[EOL]
[2026-09-30 09:03:42.237Z][SU][INF][Logger:Roche.Sting.SoftwareUpdate.Lifecycle.SoftwareUpdateLifecycleProcessManager][Thread:33]SoftwareUpdateLifecycleProcessManager StateMachine changed from state 'ShuttingDown' to 'ShutDown'[EOL]
[2026-09-30 09:03:42.237Z][SU][INF][Logger:Roche.Sting.SoftwareUpdate.Lifecycle.SoftwareUpdateLifecycleProcessManager][Thread:33]State machine transited to state 'ShutDown'[EOL]
[2026-09-30 09:03:42.239Z][SU][INF][Logger:Roche.Sting.SoftwareUpdate.Runner.Program][Thread:18]Unit 'SoftwareUpdate' is shut down[EOL]
[2026-09-30 09:03:42.241Z][SU][INF][Logger:Roche.Sting.SoftwareUpdate.Lifecycle.SoftwareUpdateLifecycleProcessManager][Thread:33]SoftwareUpdateLifecycleProcessManager StateMachine stopped[EOL]
[2026-09-30 09:03:42.241Z][SU][INF][Logger:Roche.Sting.SoftwareUpdate.Lifecycle.Configuration.Lifecycle][Thread:18]Shutting down 'Lifecycle' ...[EOL]
[2026-09-30 09:03:42.242Z][SU][INF][Logger:Roche.Sting.SoftwareUpdate.Lifecycle.SoftwareUpdateLifecycleProcessManager][Thread:18]SoftwareUpdateLifecycleProcessManager StateMachine stopped[EOL]
[2026-09-30 09:03:42.242Z][SU][INF][Logger:Roche.Sting.SoftwareUpdate.Lifecycle.Configuration.Lifecycle][Thread:18]'Lifecycle' successfully stopped[EOL]
[2026-09-30 09:03:42.242Z][SU][INF][Logger:Roche.Sting.SoftwareUpdate.SoftwareUpdateModule][Thread:18]Shutting down module 'SoftwareUpdateModule' ...[EOL]
[2026-09-30 09:03:42.242Z][SU][INF][Logger:Roche.Sting.SoftwareUpdate.SoftwareUpdateModule][Thread:18]Shutting down submodule 'SoftwareUpdateModule' ...[EOL]
[2026-09-30 09:03:42.242Z][SU][INF][Logger:Roche.Sting.SoftwareUpdate.PackageManagement.Installation.UpdateInstallationModule][Thread:18]Shutting down submodule 'UpdateInstallationModule' ...[EOL]
[2026-09-30 09:03:42.242Z][SU][INF][Logger:Roche.Sting.SoftwareUpdate.PackageManagement.Installation.UpdateInstallationModule][Thread:18]'UpdateInstallationModule' submodule successfully shut down[EOL]
[2026-09-30 09:03:42.242Z][SU][INF][Logger:Roche.Sting.SoftwareUpdate.PackageManagement.Import.PackageImportModule][Thread:18]Shutting down submodule 'PackageImportModule' ...[EOL]
[2026-09-30 09:03:42.242Z][SU][INF][Logger:Roche.Sting.SoftwareUpdate.PackageManagement.Import.PackageImportModule][Thread:18]'PackageImportModule' submodule successfully shut down[EOL]
[2026-09-30 09:03:42.242Z][SU][INF][Logger:Roche.Sting.SoftwareUpdate.PackageManagement.UpdateManagerModule][Thread:18]Shutting down submodule 'UpdateManagerModule' ...[EOL]
[2026-09-30 09:03:42.242Z][SU][INF][Logger:Roche.Sting.SoftwareUpdate.PackageManagement.UpdateManagerModule][Thread:18]'UpdateManagerModule' submodule successfully shut down[EOL]
[2026-09-30 09:03:42.242Z][SU][INF][Logger:Roche.Sting.SoftwareUpdate.OperatingSystem.OperatingSystemModule][Thread:18]Shutting down submodule 'OperatingSystemModule' ...[EOL]
[2026-09-30 09:03:42.242Z][SU][INF][Logger:Roche.Sting.SoftwareUpdate.OperatingSystem.OperatingSystemModule][Thread:18]'OperatingSystemModule' submodule successfully shut down[EOL]
[2026-09-30 09:03:42.242Z][SU][INF][Logger:Roche.Sting.SoftwareUpdate.SoftwareUpdateModule][Thread:18]'SoftwareUpdateModule' submodule successfully shut down[EOL]
[2026-09-30 09:03:42.243Z][SU][INF][Logger:Roche.Sting.SoftwareUpdate.SoftwareUpdateModule][Thread:18]'SoftwareUpdateModule' module successfully shut down[EOL]
[2026-09-30 09:03:42.245Z][SU][INF][Logger:Roche.X800.PerformanceMonitoring.PerformanceCounterListener][Thread:18]Shutting down instance ...[EOL]
[2026-09-30 09:03:42.245Z][SU][INF][Logger:Roche.X800.PerformanceMonitoring.EchoSender][Thread:18]Shutting down instance ...[EOL]
[2026-09-30 09:04:45.152Z][SU][INF][Logger:Roche.Sting.SoftwareUpdate.Runner.Bootstrapper][Thread:1]Configuring unit 'SoftwareUpdate' with version '1.11.1+1195859.5c938b77ab294ea9ecd5eabeeb309aa63b5f5c60' ...[EOL]
[2026-09-30 09:04:45.457Z][SU][INF][Logger:Roche.Sting.SoftwareUpdate.SoftwareUpdateModule][Thread:1]Configuring module 'SoftwareUpdateModule' ...[EOL]
[2026-09-30 09:04:45.459Z][SU][INF][Logger:Roche.Sting.SoftwareUpdate.SoftwareUpdateModule][Thread:1]Configuring submodule 'SoftwareUpdateModule' ...[EOL]
[2026-09-30 09:04:45.460Z][SU][INF][Logger:Roche.Sting.SoftwareUpdate.OperatingSystem.OperatingSystemModule][Thread:1]Configuring submodule 'OperatingSystemModule' ...[EOL]
[2026-09-30 09:04:45.460Z][SU][INF][Logger:Roche.Sting.SoftwareUpdate.OperatingSystem.OperatingSystemModule][Thread:1]'OperatingSystemModule' submodule successfully configured[EOL]
[2026-09-30 09:04:45.465Z][SU][INF][Logger:Roche.Sting.SoftwareUpdate.PackageManagement.UpdateManagerModule][Thread:1]Configuring submodule 'UpdateManagerModule' ...[EOL]
[2026-09-30 09:04:45.465Z][SU][INF][Logger:Roche.Sting.SoftwareUpdate.PackageManagement.UpdateManagerModule][Thread:1]'UpdateManagerModule' submodule successfully configured[EOL]
[2026-09-30 09:04:45.466Z][SU][INF][Logger:Roche.Sting.SoftwareUpdate.PackageManagement.Import.PackageImportModule][Thread:1]Configuring submodule 'PackageImportModule' ...[EOL]
[2026-09-30 09:04:45.466Z][SU][INF][Logger:Roche.Sting.SoftwareUpdate.PackageManagement.Import.PackageImportModule][Thread:1]'PackageImportModule' submodule successfully configured[EOL]
[2026-09-30 09:04:45.467Z][SU][INF][Logger:Roche.Sting.SoftwareUpdate.PackageManagement.Installation.UpdateInstallationModule][Thread:1]Configuring submodule 'UpdateInstallationModule' ...[EOL]
[2026-09-30 09:04:45.467Z][SU][INF][Logger:Roche.Sting.SoftwareUpdate.PackageManagement.Installation.UpdateInstallationModule][Thread:1]'UpdateInstallationModule' submodule successfully configured[EOL]
[2026-09-30 09:04:45.467Z][SU][INF][Logger:Roche.Sting.SoftwareUpdate.SoftwareUpdateModule][Thread:1]'SoftwareUpdateModule' submodule successfully configured[EOL]
[2026-09-30 09:04:45.467Z][SU][INF][Logger:Roche.Sting.SoftwareUpdate.SoftwareUpdateModule][Thread:1]'SoftwareUpdateModule' module successfully configured[EOL]
[2026-09-30 09:04:45.470Z][SU][INF][Logger:Roche.Sting.SoftwareUpdate.Lifecycle.Configuration.Lifecycle][Thread:1]Configuring 'Lifecycle' ...[EOL]
[2026-09-30 09:04:45.470Z][SU][INF][Logger:Roche.Sting.SoftwareUpdate.Lifecycle.Configuration.Lifecycle][Thread:1]'Lifecycle' successfully configured[EOL]
[2026-09-30 09:04:45.470Z][SU][INF][Logger:Roche.Sting.SoftwareUpdate.Runner.Bootstrapper][Thread:1]Starting unit 'SoftwareUpdate' with version '1.11.1+1195859.5c938b77ab294ea9ecd5eabeeb309aa63b5f5c60' ...[EOL]
[2026-09-30 09:04:45.478Z][SU][INF][Logger:Roche.Dia.Messaging.RabbitMQ.RabbitMQClient][Thread:1]Initializing Messagebus(SystemMessageBus) ...[EOL]
[2026-09-30 09:04:50.700Z][SU][INF][Logger:Roche.X800.PerformanceMonitoring.PerformanceCounterListener][Thread:1]Configured instance with 'enabled=True intervalSeconds=30 counters=[System.Runtime.cpu-usage, System.Runtime.working-set, System.Runtime.gc-heap-size, System.Runtime.gc-fragmentation, System.Runtime.alloc-rate, System.Runtime.time-in-gc, System.Runtime.threadpool-queue-length, System.Runtime.threadpool-completed-items-count, System.Runtime.monitor-lock-contention-count, System.Runtime.active-timer-count, System.Runtime.exception-count]'[EOL]
[2026-09-30 09:04:50.704Z][SU][INF][Logger:Roche.X800.PerformanceMonitoring.PerformanceCounterListener][Thread:1]Starting up instance ...[EOL]
[2026-09-30 09:04:50.704Z][SU][INF][Logger:Roche.X800.PerformanceMonitoring.PerformanceCounterListener][Thread:1]Enabling counters of 'System.Runtime' ...[EOL]
[2026-09-30 09:04:50.724Z][SU][INF][Logger:Roche.X800.PerformanceMonitoring.EchoSender][Thread:1]Configured instance with 'unit=Roche.C5800.SoftwareUpdate'[EOL]
[2026-09-30 09:04:50.725Z][SU][INF][Logger:Roche.X800.PerformanceMonitoring.EchoSender][Thread:1]Starting up instance ...[EOL]
[2026-09-30 09:04:50.742Z][SU][INF][Logger:Roche.Sting.SoftwareUpdate.SoftwareUpdateModule][Thread:1]Starting up module 'SoftwareUpdateModule' ...[EOL]
[2026-09-30 09:04:51.116Z][SU][INF][Logger:Roche.Sting.SoftwareUpdate.PackageManagement.Persistence.PendingPackagesPersistence][Thread:1]Publishing event 'MarkedPackagesChanged' with data Records: '<emptycollection>', Timestamp: '2026-09-30 09:04:51.111Z' ...[EOL]
[2026-09-30 09:04:51.152Z][SU][INF][Logger:Roche.Sting.SoftwareUpdate.PackageManagement.Persistence.AvailablePackagesPersistence][Thread:1]Publishing event 'AvailablePackagesChanged' with data Packages: '<emptycollection>', Timestamp: '2026-09-30 09:04:51.152Z' ...[EOL]
[2026-09-30 09:04:51.158Z][SU][INF][Logger:Roche.Sting.SoftwareUpdate.PackageManagement.Persistence.DismissedPackagesPersistence][Thread:1]Publishing event 'DismissedPackagesChanged' with data Records: '<emptycollection>', Timestamp: '2026-09-30 09:04:51.158Z' ...[EOL]
[2026-09-30 09:04:51.168Z][SU][INF][Logger:Roche.Sting.SoftwareUpdate.PackageManagement.Persistence.InstallHistoryPersistence][Thread:1]Publishing event 'InstallHistoryChanged' with data Packages: 'Id: 'SW.1.0.6.0015.20241022-072944', DisplayName: 'System Software version 1.0.6.0015', PackageType: 'SystemUpdate', OnDate: '2024-10-22 07:29:44.000Z', ByUser: 'RSR', Id: 'LanguagePackage.1.2.0.0.en-US.20240220-145207', DisplayName: 'Language pack (English (United States)) version 1.2.0', PackageType: 'LanguagePackage', OnDate: '2026-01-20 14:04:18.303Z', ByUser: 'rsr/lukaszl1', Id: 'UserAssistance.2.3.0.2425.en.20240906-123335', DisplayName: 'User assistance (English) version 2.3.0', PackageType: 'UserAssistance', OnDate: '2026-01-20 14:04:18.303Z', ByUser: 'rsr/lukaszl1', Id: 'UserAssistance.2.3.0.2446.pl.20240912-143541', DisplayName: 'User assistance (Polish) version 2.3.0', PackageType: 'UserAssistance', OnDate: '2026-01-20 14:04:18.303Z', ByUser: 'rsr/lukaszl1', Id: 'LanguagePackage.1.2.0.0.pl-PL.20240220-144123', DisplayName: 'Language pack (Polish (Poland)) version 1.2.0', PackageType: 'LanguagePackage', OnDate: '2026-03-04 07:34:12.618Z', ByUser: 'szczecin7'', Timestamp: '2026-09-30 09:04:51.168Z' ...[EOL]
[2026-09-30 09:04:51.175Z][SU][INF][Logger:Roche.Sting.SoftwareUpdate.PackageManagement.Service.UpdatePackageServiceStarter][Thread:1]Starting to monitor folder 'import-repository' ...[EOL]
[2026-09-30 09:04:51.181Z][SU][INF][Logger:Roche.Sting.SoftwareUpdate.SoftwareUpdateModule][Thread:1]Starting up submodule 'SoftwareUpdateModule' ...[EOL]
[2026-09-30 09:04:51.181Z][SU][INF][Logger:Roche.Sting.SoftwareUpdate.OperatingSystem.OperatingSystemModule][Thread:1]Starting up submodule 'OperatingSystemModule' ...[EOL]
[2026-09-30 09:04:51.181Z][SU][INF][Logger:Roche.Sting.SoftwareUpdate.OperatingSystem.OperatingSystemModule][Thread:1]'OperatingSystemModule' submodule successfully started[EOL]
[2026-09-30 09:04:51.182Z][SU][INF][Logger:Roche.Sting.SoftwareUpdate.PackageManagement.UpdateManagerModule][Thread:1]Starting up submodule 'UpdateManagerModule' ...[EOL]
[2026-09-30 09:04:51.182Z][SU][INF][Logger:Roche.Sting.SoftwareUpdate.PackageManagement.UpdateManagerModule][Thread:1]'UpdateManagerModule' submodule successfully started[EOL]
[2026-09-30 09:04:51.205Z][SU][INF][Logger:Roche.Sting.SoftwareUpdate.PackageManagement.Import.PackageImportModule][Thread:1]Starting up submodule 'PackageImportModule' ...[EOL]
[2026-09-30 09:04:51.205Z][SU][INF][Logger:Roche.Sting.SoftwareUpdate.PackageManagement.Import.PackageImportModule][Thread:1]'PackageImportModule' submodule successfully started[EOL]
[2026-09-30 09:04:51.211Z][SU][INF][Logger:Roche.Sting.SoftwareUpdate.PackageManagement.Installation.UpdateInstallationModule][Thread:1]Starting up submodule 'UpdateInstallationModule' ...[EOL]
[2026-09-30 09:04:51.211Z][SU][INF][Logger:Roche.Sting.SoftwareUpdate.PackageManagement.Installation.UpdateInstallationModule][Thread:1]'UpdateInstallationModule' submodule successfully started[EOL]
[2026-09-30 09:04:51.211Z][SU][INF][Logger:Roche.Sting.SoftwareUpdate.SoftwareUpdateModule][Thread:1]'SoftwareUpdateModule' submodule successfully started[EOL]
[2026-09-30 09:04:51.211Z][SU][INF][Logger:Roche.Sting.SoftwareUpdate.SoftwareUpdateModule][Thread:1]'SoftwareUpdateModule' module successfully started[EOL]
[2026-09-30 09:04:51.211Z][SU][INF][Logger:Roche.Sting.SoftwareUpdate.Lifecycle.Configuration.Lifecycle][Thread:1]Starting up 'Lifecycle' ...[EOL]
[2026-09-30 09:04:51.304Z][SU][INF][Logger:Roche.Dia.Messaging.RabbitMQ.RabbitMQClient][Thread:1]Start receiving messages for SystemMessageBus ...[EOL]
[2026-09-30 09:04:51.325Z][SU][INF][Logger:Roche.Sting.SoftwareUpdate.Lifecycle.SoftwareUpdateLifecycleProcessManager][Thread:1]SoftwareUpdateLifecycleProcessManager StateMachine started[EOL]
[2026-09-30 09:04:51.325Z][SU][INF][Logger:Roche.Sting.SoftwareUpdate.Lifecycle.Configuration.Lifecycle][Thread:1]'Lifecycle' successfully started[EOL]
[2026-09-30 09:04:51.325Z][SU][INF][Logger:Roche.Sting.SoftwareUpdate.Runner.Program][Thread:1]Unit 'SoftwareUpdate' successfully started[EOL]
[2026-09-30 09:04:51.390Z][SU][INF][Logger:Roche.Sting.SoftwareUpdate.Lifecycle.SoftwareUpdateLifecycleProcessManager][Thread:4]SoftwareUpdateLifecycleProcessManager StateMachine changed from state '<null>' to 'Initial'[EOL]
[2026-09-30 09:04:51.400Z][SU][INF][Logger:Roche.Sting.SoftwareUpdate.Lifecycle.SoftwareUpdateLifecycleProcessManager][Thread:4]SoftwareUpdateLifecycleProcessManager StateMachine firing event 'Configured' ...[EOL]
[2026-09-30 09:04:51.429Z][SU][INF][Logger:Roche.Sting.SoftwareUpdate.Lifecycle.SoftwareUpdateLifecycleProcessManager][Thread:4]Publishing event 'SoftwareUpdatePending' with data IsPending: 'False' ...[EOL]
[2026-09-30 09:04:51.434Z][SU][INF][Logger:Roche.Sting.SoftwareUpdate.Lifecycle.SoftwareUpdateLifecycleProcessManager][Thread:4]Publishing event 'UnitStateChanged' with data UnitId: 'Roche.C5800.SoftwareUpdate', OldState: 'Initial', NewState: 'Configured', ProcessContext: 'ContextId: 'Roche.C5800.SoftwareUpdate'' ...[EOL]
[2026-09-30 09:04:51.461Z][SU][INF][Logger:Roche.Sting.SoftwareUpdate.Lifecycle.SoftwareUpdateLifecycleProcessManager][Thread:4]SoftwareUpdateLifecycleProcessManager StateMachine changed from state 'Initial' to 'Configured'[EOL]
[2026-09-30 09:04:51.462Z][SU][INF][Logger:Roche.Sting.SoftwareUpdate.Lifecycle.SoftwareUpdateLifecycleProcessManager][Thread:4]State machine transited to state 'Configured'[EOL]
[2026-09-30 09:04:51.529Z][SU][INF][Logger:Roche.Sting.SoftwareUpdate.Lifecycle.SoftwareUpdateLifecycleProcessManager][Thread:8]Handling event 'InstrumentStateChanged' from IS with data OldState: 'PoweredOff', NewState: 'PoweredOff', ProcessContext: 'ContextId: 'InstrumentState.InstrumentStateManager'' ...[EOL]
[2026-09-30 09:04:53.553Z][SU][INF][Logger:Roche.Sting.SoftwareUpdate.Lifecycle.SoftwareUpdateLifecycleProcessManager][Thread:6]Handling event 'InstrumentStateChanged' from IS with data OldState: 'PoweredOff', NewState: 'StartingUp', ProcessContext: 'ContextId: 'InstrumentState.InstrumentStateManager'' ...[EOL]
[2026-09-30 09:04:53.555Z][SU][INF][Logger:Roche.Sting.SoftwareUpdate.Lifecycle.SoftwareUpdateLifecycleProcessManager][Thread:15]SoftwareUpdateLifecycleProcessManager StateMachine firing event 'Startup' ...[EOL]
[2026-09-30 09:04:53.555Z][SU][INF][Logger:Roche.Sting.SoftwareUpdate.Lifecycle.SoftwareUpdateLifecycleProcessManager][Thread:15]Publishing event 'UnitStateChanged' with data UnitId: 'Roche.C5800.SoftwareUpdate', OldState: 'Configured', NewState: 'StartingUp', ProcessContext: 'ContextId: 'Roche.C5800.SoftwareUpdate'' ...[EOL]
[2026-09-30 09:04:53.556Z][SU][INF][Logger:Roche.Sting.SoftwareUpdate.Lifecycle.SoftwareUpdateLifecycleProcessManager][Thread:15]SoftwareUpdateLifecycleProcessManager StateMachine changed from state 'Configured' to 'StartingUp'[EOL]
[2026-09-30 09:04:53.556Z][SU][INF][Logger:Roche.Sting.SoftwareUpdate.Lifecycle.SoftwareUpdateLifecycleProcessManager][Thread:15]State machine transited to state 'StartingUp'[EOL]
[2026-09-30 09:04:53.556Z][SU][INF][Logger:Roche.Sting.SoftwareUpdate.Lifecycle.SoftwareUpdateLifecycleProcessManager][Thread:15]SoftwareUpdateLifecycleProcessManager StateMachine firing event 'StartedUp' ...[EOL]
[2026-09-30 09:04:53.556Z][SU][INF][Logger:Roche.Sting.SoftwareUpdate.Lifecycle.SoftwareUpdateLifecycleProcessManager][Thread:15]Publishing event 'UnitStateChanged' with data UnitId: 'Roche.C5800.SoftwareUpdate', OldState: 'StartingUp', NewState: 'Operational', ProcessContext: 'ContextId: 'Roche.C5800.SoftwareUpdate'' ...[EOL]
[2026-09-30 09:04:53.559Z][SU][INF][Logger:Roche.Sting.SoftwareUpdate.Lifecycle.SoftwareUpdateLifecycleProcessManager][Thread:15]SoftwareUpdateLifecycleProcessManager StateMachine changed from state 'StartingUp' to 'Operational'[EOL]
[2026-09-30 09:04:53.559Z][SU][INF][Logger:Roche.Sting.SoftwareUpdate.Lifecycle.SoftwareUpdateLifecycleProcessManager][Thread:15]State machine transited to state 'Operational'[EOL]
[2026-09-30 09:05:35.388Z][SU][INF][Logger:Roche.Sting.SoftwareUpdate.Lifecycle.SoftwareUpdateLifecycleProcessManager][Thread:11]Handling event 'InstrumentStateChanged' from IS with data OldState: 'StartingUp', NewState: 'Initializing', ProcessContext: 'ContextId: 'InstrumentState.InstrumentStateManager'' ...[EOL]
[2026-09-30 09:11:10.392Z][SU][INF][Logger:Roche.Sting.SoftwareUpdate.PackageManagement.Handlers.CurrentUserIdProvider][Thread:37]Start handling event 'UserLoggedIn' with data UserData: 'Userid: 'sobierm1', Roles: 'X800DM_RSR', UserInfo: 'Fullname: '<null>', Email: '<null>'', UserPreferences: 'Nickname: 'roche fsr', Lab_language: 'pl-PL', Preferred_language: 'en-US', Virtual_keyboard: 'en-US''', Timestamp: '2026-09-30 09:11:10.375Z' ...[EOL]
[2026-09-30 09:11:10.393Z][SU][INF][Logger:Roche.Sting.SoftwareUpdate.PackageManagement.Handlers.CurrentUserIdProvider][Thread:37]Finished handling event 'UserLoggedIn' with data UserData: 'Userid: 'sobierm1', Roles: 'X800DM_RSR', UserInfo: 'Fullname: '<null>', Email: '<null>'', UserPreferences: 'Nickname: 'roche fsr', Lab_language: 'pl-PL', Preferred_language: 'en-US', Virtual_keyboard: 'en-US''', Timestamp: '2026-09-30 09:11:10.375Z'[EOL]
[2026-09-30 09:11:41.894Z][SU][INF][Logger:Roche.Sting.SoftwareUpdate.Lifecycle.SoftwareUpdateLifecycleProcessManager][Thread:43]Handling event 'InstrumentStateChanged' from IS with data OldState: 'Initializing', NewState: 'Standby', ProcessContext: 'ContextId: 'InstrumentState.InstrumentStateManager'' ...[EOL]
[2026-09-30 09:34:20.352Z][SU][INF][Logger:Roche.Sting.SoftwareUpdate.Lifecycle.SoftwareUpdateLifecycleProcessManager][Thread:39]Handling event 'InstrumentStateChanged' from IS with data OldState: 'Standby', NewState: 'Service', ProcessContext: 'ContextId: 'InstrumentState.InstrumentStateManager'' ...[EOL]
[2026-09-30 09:50:24.991Z][SU][INF][Logger:Roche.Sting.SoftwareUpdate.Lifecycle.SoftwareUpdateLifecycleProcessManager][Thread:4]Handling event 'InstrumentStateChanged' from IS with data OldState: 'Service', NewState: 'ShuttingDown', ProcessContext: 'ContextId: 'InstrumentState.InstrumentStateManager'' ...[EOL]
[2026-09-30 09:50:24.991Z][SU][INF][Logger:Roche.Sting.SoftwareUpdate.Lifecycle.SoftwareUpdateLifecycleProcessManager][Thread:4]SoftwareUpdateLifecycleProcessManager StateMachine firing event 'ShuttingDown' ...[EOL]
[2026-09-30 09:50:24.991Z][SU][INF][Logger:Roche.Sting.SoftwareUpdate.Lifecycle.SoftwareUpdateLifecycleProcessManager][Thread:4]Publishing event 'UnitStateChanged' with data UnitId: 'Roche.C5800.SoftwareUpdate', OldState: 'Operational', NewState: 'ShuttingDown', ProcessContext: 'ContextId: 'Roche.C5800.SoftwareUpdate'' ...[EOL]
[2026-09-30 09:50:24.994Z][SU][INF][Logger:Roche.Sting.SoftwareUpdate.Lifecycle.SoftwareUpdateLifecycleProcessManager][Thread:4]SoftwareUpdateLifecycleProcessManager StateMachine changed from state 'Operational' to 'ShuttingDown'[EOL]
[2026-09-30 09:50:24.995Z][SU][INF][Logger:Roche.Sting.SoftwareUpdate.Lifecycle.SoftwareUpdateLifecycleProcessManager][Thread:4]State machine transited to state 'ShuttingDown'[EOL]
[2026-09-30 09:50:24.995Z][SU][INF][Logger:Roche.Sting.SoftwareUpdate.Lifecycle.SoftwareUpdateLifecycleProcessManager][Thread:4]SoftwareUpdateLifecycleProcessManager StateMachine firing event 'ShutDown' ...[EOL]
[2026-09-30 09:50:24.995Z][SU][INF][Logger:Roche.Sting.SoftwareUpdate.Lifecycle.SoftwareUpdateLifecycleProcessManager][Thread:4]Publishing event 'UnitStateChanged' with data UnitId: 'Roche.C5800.SoftwareUpdate', OldState: 'ShuttingDown', NewState: 'ShutDown', ProcessContext: 'ContextId: 'Roche.C5800.SoftwareUpdate'' ...[EOL]
[2026-09-30 09:50:25.006Z][SU][INF][Logger:Roche.Dia.Messaging.RabbitMQ.RabbitMQClient][Thread:4]Stop receiving messages for SystemMessageBus ...[EOL]
[2026-09-30 09:50:25.024Z][SU][INF][Logger:Roche.Sting.SoftwareUpdate.SoftwareUpdateModule][Thread:4]Shutting down module 'SoftwareUpdateModule' ...[EOL]
[2026-09-30 09:50:25.025Z][SU][INF][Logger:Roche.Sting.SoftwareUpdate.SoftwareUpdateModule][Thread:4]Shutting down submodule 'SoftwareUpdateModule' ...[EOL]
[2026-09-30 09:50:25.026Z][SU][INF][Logger:Roche.Sting.SoftwareUpdate.PackageManagement.Installation.UpdateInstallationModule][Thread:4]Shutting down submodule 'UpdateInstallationModule' ...[EOL]
[2026-09-30 09:50:25.026Z][SU][INF][Logger:Roche.Sting.SoftwareUpdate.PackageManagement.Installation.UpdateInstallationModule][Thread:4]'UpdateInstallationModule' submodule successfully shut down[EOL]
[2026-09-30 09:50:25.028Z][SU][INF][Logger:Roche.Sting.SoftwareUpdate.PackageManagement.Import.PackageImportModule][Thread:4]Shutting down submodule 'PackageImportModule' ...[EOL]
[2026-09-30 09:50:25.028Z][SU][INF][Logger:Roche.Sting.SoftwareUpdate.PackageManagement.Import.PackageImportModule][Thread:4]'PackageImportModule' submodule successfully shut down[EOL]
[2026-09-30 09:50:25.028Z][SU][INF][Logger:Roche.Sting.SoftwareUpdate.PackageManagement.UpdateManagerModule][Thread:4]Shutting down submodule 'UpdateManagerModule' ...[EOL]
[2026-09-30 09:50:25.028Z][SU][INF][Logger:Roche.Sting.SoftwareUpdate.PackageManagement.UpdateManagerModule][Thread:4]'UpdateManagerModule' submodule successfully shut down[EOL]
[2026-09-30 09:50:25.031Z][SU][INF][Logger:Roche.Sting.SoftwareUpdate.OperatingSystem.OperatingSystemModule][Thread:4]Shutting down submodule 'OperatingSystemModule' ...[EOL]
[2026-09-30 09:50:25.037Z][SU][INF][Logger:Roche.Sting.SoftwareUpdate.OperatingSystem.OperatingSystemModule][Thread:4]'OperatingSystemModule' submodule successfully shut down[EOL]
[2026-09-30 09:50:25.037Z][SU][INF][Logger:Roche.Sting.SoftwareUpdate.SoftwareUpdateModule][Thread:4]'SoftwareUpdateModule' submodule successfully shut down[EOL]
[2026-09-30 09:50:25.038Z][SU][INF][Logger:Roche.Sting.SoftwareUpdate.SoftwareUpdateModule][Thread:4]'SoftwareUpdateModule' module successfully shut down[EOL]
[2026-09-30 09:50:25.038Z][SU][INF][Logger:Roche.Sting.SoftwareUpdate.Lifecycle.SoftwareUpdateLifecycleProcessManager][Thread:4]SoftwareUpdateLifecycleProcessManager StateMachine changed from state 'ShuttingDown' to 'ShutDown'[EOL]
[2026-09-30 09:50:25.038Z][SU][INF][Logger:Roche.Sting.SoftwareUpdate.Lifecycle.SoftwareUpdateLifecycleProcessManager][Thread:4]State machine transited to state 'ShutDown'[EOL]
[2026-09-30 09:50:25.039Z][SU][INF][Logger:Roche.Sting.SoftwareUpdate.Lifecycle.SoftwareUpdateLifecycleProcessManager][Thread:4]SoftwareUpdateLifecycleProcessManager StateMachine stopped[EOL]
[2026-09-30 09:50:25.040Z][SU][INF][Logger:Roche.Sting.SoftwareUpdate.Runner.Program][Thread:4]Unit 'SoftwareUpdate' is shut down[EOL]
[2026-09-30 09:50:25.041Z][SU][INF][Logger:Roche.Sting.SoftwareUpdate.Lifecycle.Configuration.Lifecycle][Thread:4]Shutting down 'Lifecycle' ...[EOL]
[2026-09-30 09:50:25.041Z][SU][INF][Logger:Roche.Sting.SoftwareUpdate.Lifecycle.SoftwareUpdateLifecycleProcessManager][Thread:4]SoftwareUpdateLifecycleProcessManager StateMachine stopped[EOL]
[2026-09-30 09:50:25.041Z][SU][INF][Logger:Roche.Sting.SoftwareUpdate.Lifecycle.Configuration.Lifecycle][Thread:4]'Lifecycle' successfully stopped[EOL]
[2026-09-30 09:50:25.041Z][SU][INF][Logger:Roche.Sting.SoftwareUpdate.SoftwareUpdateModule][Thread:4]Shutting down module 'SoftwareUpdateModule' ...[EOL]
[2026-09-30 09:50:25.041Z][SU][INF][Logger:Roche.Sting.SoftwareUpdate.SoftwareUpdateModule][Thread:4]Shutting down submodule 'SoftwareUpdateModule' ...[EOL]
[2026-09-30 09:50:25.041Z][SU][INF][Logger:Roche.Sting.SoftwareUpdate.PackageManagement.Installation.UpdateInstallationModule][Thread:4]Shutting down submodule 'UpdateInstallationModule' ...[EOL]
[2026-09-30 09:50:25.041Z][SU][INF][Logger:Roche.Sting.SoftwareUpdate.PackageManagement.Installation.UpdateInstallationModule][Thread:4]'UpdateInstallationModule' submodule successfully shut down[EOL]
[2026-09-30 09:50:25.041Z][SU][INF][Logger:Roche.Sting.SoftwareUpdate.PackageManagement.Import.PackageImportModule][Thread:4]Shutting down submodule 'PackageImportModule' ...[EOL]
[2026-09-30 09:50:25.041Z][SU][INF][Logger:Roche.Sting.SoftwareUpdate.PackageManagement.Import.PackageImportModule][Thread:4]'PackageImportModule' submodule successfully shut down[EOL]
[2026-09-30 09:50:25.041Z][SU][INF][Logger:Roche.Sting.SoftwareUpdate.PackageManagement.UpdateManagerModule][Thread:4]Shutting down submodule 'UpdateManagerModule' ...[EOL]
[2026-09-30 09:50:25.041Z][SU][INF][Logger:Roche.Sting.SoftwareUpdate.PackageManagement.UpdateManagerModule][Thread:4]'UpdateManagerModule' submodule successfully shut down[EOL]
[2026-09-30 09:50:25.041Z][SU][INF][Logger:Roche.Sting.SoftwareUpdate.OperatingSystem.OperatingSystemModule][Thread:4]Shutting down submodule 'OperatingSystemModule' ...[EOL]
[2026-09-30 09:50:25.041Z][SU][INF][Logger:Roche.Sting.SoftwareUpdate.OperatingSystem.OperatingSystemModule][Thread:4]'OperatingSystemModule' submodule successfully shut down[EOL]
[2026-09-30 09:50:25.041Z][SU][INF][Logger:Roche.Sting.SoftwareUpdate.SoftwareUpdateModule][Thread:4]'SoftwareUpdateModule' submodule successfully shut down[EOL]
[2026-09-30 09:50:25.041Z][SU][INF][Logger:Roche.Sting.SoftwareUpdate.SoftwareUpdateModule][Thread:4]'SoftwareUpdateModule' module successfully shut down[EOL]
[2026-09-30 09:50:25.045Z][SU][INF][Logger:Roche.X800.PerformanceMonitoring.PerformanceCounterListener][Thread:4]Shutting down instance ...[EOL]
[2026-09-30 09:50:25.046Z][SU][INF][Logger:Roche.X800.PerformanceMonitoring.EchoSender][Thread:4]Shutting down instance ...[EOL]
[2026-09-30 10:40:47.077Z][SU][INF][Logger:Roche.Sting.SoftwareUpdate.Runner.Bootstrapper][Thread:1]Configuring unit 'SoftwareUpdate' with version '1.11.1+1195859.5c938b77ab294ea9ecd5eabeeb309aa63b5f5c60' ...[EOL]
[2026-09-30 10:40:47.317Z][SU][INF][Logger:Roche.Sting.SoftwareUpdate.SoftwareUpdateModule][Thread:1]Configuring module 'SoftwareUpdateModule' ...[EOL]
[2026-09-30 10:40:47.319Z][SU][INF][Logger:Roche.Sting.SoftwareUpdate.SoftwareUpdateModule][Thread:1]Configuring submodule 'SoftwareUpdateModule' ...[EOL]
[2026-09-30 10:40:47.320Z][SU][INF][Logger:Roche.Sting.SoftwareUpdate.OperatingSystem.OperatingSystemModule][Thread:1]Configuring submodule 'OperatingSystemModule' ...[EOL]
[2026-09-30 10:40:47.320Z][SU][INF][Logger:Roche.Sting.SoftwareUpdate.OperatingSystem.OperatingSystemModule][Thread:1]'OperatingSystemModule' submodule successfully configured[EOL]
[2026-09-30 10:40:47.328Z][SU][INF][Logger:Roche.Sting.SoftwareUpdate.PackageManagement.UpdateManagerModule][Thread:1]Configuring submodule 'UpdateManagerModule' ...[EOL]
[2026-09-30 10:40:47.328Z][SU][INF][Logger:Roche.Sting.SoftwareUpdate.PackageManagement.UpdateManagerModule][Thread:1]'UpdateManagerModule' submodule successfully configured[EOL]
[2026-09-30 10:40:47.329Z][SU][INF][Logger:Roche.Sting.SoftwareUpdate.PackageManagement.Import.PackageImportModule][Thread:1]Configuring submodule 'PackageImportModule' ...[EOL]
[2026-09-30 10:40:47.329Z][SU][INF][Logger:Roche.Sting.SoftwareUpdate.PackageManagement.Import.PackageImportModule][Thread:1]'PackageImportModule' submodule successfully configured[EOL]
[2026-09-30 10:40:47.330Z][SU][INF][Logger:Roche.Sting.SoftwareUpdate.PackageManagement.Installation.UpdateInstallationModule][Thread:1]Configuring submodule 'UpdateInstallationModule' ...[EOL]
[2026-09-30 10:40:47.330Z][SU][INF][Logger:Roche.Sting.SoftwareUpdate.PackageManagement.Installation.UpdateInstallationModule][Thread:1]'UpdateInstallationModule' submodule successfully configured[EOL]
[2026-09-30 10:40:47.330Z][SU][INF][Logger:Roche.Sting.SoftwareUpdate.SoftwareUpdateModule][Thread:1]'SoftwareUpdateModule' submodule successfully configured[EOL]
[2026-09-30 10:40:47.330Z][SU][INF][Logger:Roche.Sting.SoftwareUpdate.SoftwareUpdateModule][Thread:1]'SoftwareUpdateModule' module successfully configured[EOL]
[2026-09-30 10:40:47.339Z][SU][INF][Logger:Roche.Sting.SoftwareUpdate.Lifecycle.Configuration.Lifecycle][Thread:1]Configuring 'Lifecycle' ...[EOL]
[2026-09-30 10:40:47.339Z][SU][INF][Logger:Roche.Sting.SoftwareUpdate.Lifecycle.Configuration.Lifecycle][Thread:1]'Lifecycle' successfully configured[EOL]
[2026-09-30 10:40:47.339Z][SU][INF][Logger:Roche.Sting.SoftwareUpdate.Runner.Bootstrapper][Thread:1]Starting unit 'SoftwareUpdate' with version '1.11.1+1195859.5c938b77ab294ea9ecd5eabeeb309aa63b5f5c60' ...[EOL]
[2026-09-30 10:40:47.346Z][SU][INF][Logger:Roche.Dia.Messaging.RabbitMQ.RabbitMQClient][Thread:1]Initializing Messagebus(SystemMessageBus) ...[EOL]
[2026-09-30 10:40:51.987Z][SU][INF][Logger:Roche.X800.PerformanceMonitoring.PerformanceCounterListener][Thread:1]Configured instance with 'enabled=True intervalSeconds=30 counters=[System.Runtime.cpu-usage, System.Runtime.working-set, System.Runtime.gc-heap-size, System.Runtime.gc-fragmentation, System.Runtime.alloc-rate, System.Runtime.time-in-gc, System.Runtime.threadpool-queue-length, System.Runtime.threadpool-completed-items-count, System.Runtime.monitor-lock-contention-count, System.Runtime.active-timer-count, System.Runtime.exception-count]'[EOL]
[2026-09-30 10:40:51.989Z][SU][INF][Logger:Roche.X800.PerformanceMonitoring.PerformanceCounterListener][Thread:1]Starting up instance ...[EOL]
[2026-09-30 10:40:51.989Z][SU][INF][Logger:Roche.X800.PerformanceMonitoring.PerformanceCounterListener][Thread:1]Enabling counters of 'System.Runtime' ...[EOL]
[2026-09-30 10:40:51.996Z][SU][INF][Logger:Roche.X800.PerformanceMonitoring.EchoSender][Thread:1]Configured instance with 'unit=Roche.C5800.SoftwareUpdate'[EOL]
[2026-09-30 10:40:51.996Z][SU][INF][Logger:Roche.X800.PerformanceMonitoring.EchoSender][Thread:1]Starting up instance ...[EOL]
[2026-09-30 10:40:51.999Z][SU][INF][Logger:Roche.Sting.SoftwareUpdate.SoftwareUpdateModule][Thread:1]Starting up module 'SoftwareUpdateModule' ...[EOL]
[2026-09-30 10:40:52.346Z][SU][INF][Logger:Roche.Sting.SoftwareUpdate.PackageManagement.Persistence.PendingPackagesPersistence][Thread:1]Publishing event 'MarkedPackagesChanged' with data Records: '<emptycollection>', Timestamp: '2026-09-30 10:40:52.342Z' ...[EOL]
[2026-09-30 10:40:52.411Z][SU][INF][Logger:Roche.Sting.SoftwareUpdate.PackageManagement.Persistence.AvailablePackagesPersistence][Thread:1]Publishing event 'AvailablePackagesChanged' with data Packages: '<emptycollection>', Timestamp: '2026-09-30 10:40:52.411Z' ...[EOL]
[2026-09-30 10:40:52.429Z][SU][INF][Logger:Roche.Sting.SoftwareUpdate.PackageManagement.Persistence.DismissedPackagesPersistence][Thread:1]Publishing event 'DismissedPackagesChanged' with data Records: '<emptycollection>', Timestamp: '2026-09-30 10:40:52.429Z' ...[EOL]
[2026-09-30 10:40:52.447Z][SU][INF][Logger:Roche.Sting.SoftwareUpdate.PackageManagement.Persistence.InstallHistoryPersistence][Thread:1]Publishing event 'InstallHistoryChanged' with data Packages: 'Id: 'SW.1.0.6.0015.20241022-072944', DisplayName: 'System Software version 1.0.6.0015', PackageType: 'SystemUpdate', OnDate: '2024-10-22 07:29:44.000Z', ByUser: 'RSR', Id: 'LanguagePackage.1.2.0.0.en-US.20240220-145207', DisplayName: 'Language pack (English (United States)) version 1.2.0', PackageType: 'LanguagePackage', OnDate: '2026-01-20 14:04:18.303Z', ByUser: 'rsr/lukaszl1', Id: 'UserAssistance.2.3.0.2425.en.20240906-123335', DisplayName: 'User assistance (English) version 2.3.0', PackageType: 'UserAssistance', OnDate: '2026-01-20 14:04:18.303Z', ByUser: 'rsr/lukaszl1', Id: 'UserAssistance.2.3.0.2446.pl.20240912-143541', DisplayName: 'User assistance (Polish) version 2.3.0', PackageType: 'UserAssistance', OnDate: '2026-01-20 14:04:18.303Z', ByUser: 'rsr/lukaszl1', Id: 'LanguagePackage.1.2.0.0.pl-PL.20240220-144123', DisplayName: 'Language pack (Polish (Poland)) version 1.2.0', PackageType: 'LanguagePackage', OnDate: '2026-03-04 07:34:12.618Z', ByUser: 'szczecin7'', Timestamp: '2026-09-30 10:40:52.447Z' ...[EOL]
[2026-09-30 10:40:52.467Z][SU][INF][Logger:Roche.Sting.SoftwareUpdate.PackageManagement.Service.UpdatePackageServiceStarter][Thread:1]Starting to monitor folder 'import-repository' ...[EOL]
[2026-09-30 10:40:52.480Z][SU][INF][Logger:Roche.Sting.SoftwareUpdate.SoftwareUpdateModule][Thread:1]Starting up submodule 'SoftwareUpdateModule' ...[EOL]
[2026-09-30 10:40:52.481Z][SU][INF][Logger:Roche.Sting.SoftwareUpdate.OperatingSystem.OperatingSystemModule][Thread:1]Starting up submodule 'OperatingSystemModule' ...[EOL]
[2026-09-30 10:40:52.481Z][SU][INF][Logger:Roche.Sting.SoftwareUpdate.OperatingSystem.OperatingSystemModule][Thread:1]'OperatingSystemModule' submodule successfully started[EOL]
[2026-09-30 10:40:52.481Z][SU][INF][Logger:Roche.Sting.SoftwareUpdate.PackageManagement.UpdateManagerModule][Thread:1]Starting up submodule 'UpdateManagerModule' ...[EOL]
[2026-09-30 10:40:52.482Z][SU][INF][Logger:Roche.Sting.SoftwareUpdate.PackageManagement.UpdateManagerModule][Thread:1]'UpdateManagerModule' submodule successfully started[EOL]
[2026-09-30 10:40:52.510Z][SU][INF][Logger:Roche.Sting.SoftwareUpdate.PackageManagement.Import.PackageImportModule][Thread:1]Starting up submodule 'PackageImportModule' ...[EOL]
[2026-09-30 10:40:52.510Z][SU][INF][Logger:Roche.Sting.SoftwareUpdate.PackageManagement.Import.PackageImportModule][Thread:1]'PackageImportModule' submodule successfully started[EOL]
[2026-09-30 10:40:52.527Z][SU][INF][Logger:Roche.Sting.SoftwareUpdate.PackageManagement.Installation.UpdateInstallationModule][Thread:1]Starting up submodule 'UpdateInstallationModule' ...[EOL]
[2026-09-30 10:40:52.528Z][SU][INF][Logger:Roche.Sting.SoftwareUpdate.PackageManagement.Installation.UpdateInstallationModule][Thread:1]'UpdateInstallationModule' submodule successfully started[EOL]
[2026-09-30 10:40:52.528Z][SU][INF][Logger:Roche.Sting.SoftwareUpdate.SoftwareUpdateModule][Thread:1]'SoftwareUpdateModule' submodule successfully started[EOL]
[2026-09-30 10:40:52.528Z][SU][INF][Logger:Roche.Sting.SoftwareUpdate.SoftwareUpdateModule][Thread:1]'SoftwareUpdateModule' module successfully started[EOL]
[2026-09-30 10:40:52.528Z][SU][INF][Logger:Roche.Sting.SoftwareUpdate.Lifecycle.Configuration.Lifecycle][Thread:1]Starting up 'Lifecycle' ...[EOL]
[2026-09-30 10:40:52.596Z][SU][INF][Logger:Roche.Dia.Messaging.RabbitMQ.RabbitMQClient][Thread:1]Start receiving messages for SystemMessageBus ...[EOL]
[2026-09-30 10:40:52.611Z][SU][INF][Logger:Roche.Sting.SoftwareUpdate.Lifecycle.SoftwareUpdateLifecycleProcessManager][Thread:1]SoftwareUpdateLifecycleProcessManager StateMachine started[EOL]
[2026-09-30 10:40:52.612Z][SU][INF][Logger:Roche.Sting.SoftwareUpdate.Lifecycle.Configuration.Lifecycle][Thread:1]'Lifecycle' successfully started[EOL]
[2026-09-30 10:40:52.612Z][SU][INF][Logger:Roche.Sting.SoftwareUpdate.Runner.Program][Thread:1]Unit 'SoftwareUpdate' successfully started[EOL]
[2026-09-30 10:40:52.741Z][SU][INF][Logger:Roche.Sting.SoftwareUpdate.Lifecycle.SoftwareUpdateLifecycleProcessManager][Thread:8]SoftwareUpdateLifecycleProcessManager StateMachine changed from state '<null>' to 'Initial'[EOL]
[2026-09-30 10:40:52.758Z][SU][INF][Logger:Roche.Sting.SoftwareUpdate.Lifecycle.SoftwareUpdateLifecycleProcessManager][Thread:8]SoftwareUpdateLifecycleProcessManager StateMachine firing event 'Configured' ...[EOL]
[2026-09-30 10:40:52.774Z][SU][INF][Logger:Roche.Sting.SoftwareUpdate.Lifecycle.SoftwareUpdateLifecycleProcessManager][Thread:7]Handling event 'InstrumentStateChanged' from IS with data OldState: 'PoweredOff', NewState: 'PoweredOff', ProcessContext: 'ContextId: 'InstrumentState.InstrumentStateManager'' ...[EOL]
[2026-09-30 10:40:52.818Z][SU][INF][Logger:Roche.Sting.SoftwareUpdate.Lifecycle.SoftwareUpdateLifecycleProcessManager][Thread:8]Publishing event 'SoftwareUpdatePending' with data IsPending: 'False' ...[EOL]
[2026-09-30 10:40:52.829Z][SU][INF][Logger:Roche.Sting.SoftwareUpdate.Lifecycle.SoftwareUpdateLifecycleProcessManager][Thread:8]Publishing event 'UnitStateChanged' with data UnitId: 'Roche.C5800.SoftwareUpdate', OldState: 'Initial', NewState: 'Configured', ProcessContext: 'ContextId: 'Roche.C5800.SoftwareUpdate'' ...[EOL]
[2026-09-30 10:40:52.850Z][SU][INF][Logger:Roche.Sting.SoftwareUpdate.Lifecycle.SoftwareUpdateLifecycleProcessManager][Thread:8]SoftwareUpdateLifecycleProcessManager StateMachine changed from state 'Initial' to 'Configured'[EOL]
[2026-09-30 10:40:52.854Z][SU][INF][Logger:Roche.Sting.SoftwareUpdate.Lifecycle.SoftwareUpdateLifecycleProcessManager][Thread:8]State machine transited to state 'Configured'[EOL]
[2026-09-30 10:40:54.928Z][SU][INF][Logger:Roche.Sting.SoftwareUpdate.Lifecycle.SoftwareUpdateLifecycleProcessManager][Thread:14]Handling event 'InstrumentStateChanged' from IS with data OldState: 'PoweredOff', NewState: 'StartingUp', ProcessContext: 'ContextId: 'InstrumentState.InstrumentStateManager'' ...[EOL]
[2026-09-30 10:40:54.929Z][SU][INF][Logger:Roche.Sting.SoftwareUpdate.Lifecycle.SoftwareUpdateLifecycleProcessManager][Thread:7]SoftwareUpdateLifecycleProcessManager StateMachine firing event 'Startup' ...[EOL]
[2026-09-30 10:40:54.929Z][SU][INF][Logger:Roche.Sting.SoftwareUpdate.Lifecycle.SoftwareUpdateLifecycleProcessManager][Thread:7]Publishing event 'UnitStateChanged' with data UnitId: 'Roche.C5800.SoftwareUpdate', OldState: 'Configured', NewState: 'StartingUp', ProcessContext: 'ContextId: 'Roche.C5800.SoftwareUpdate'' ...[EOL]
[2026-09-30 10:40:54.930Z][SU][INF][Logger:Roche.Sting.SoftwareUpdate.Lifecycle.SoftwareUpdateLifecycleProcessManager][Thread:7]SoftwareUpdateLifecycleProcessManager StateMachine changed from state 'Configured' to 'StartingUp'[EOL]
[2026-09-30 10:40:54.930Z][SU][INF][Logger:Roche.Sting.SoftwareUpdate.Lifecycle.SoftwareUpdateLifecycleProcessManager][Thread:7]State machine transited to state 'StartingUp'[EOL]
[2026-09-30 10:40:54.930Z][SU][INF][Logger:Roche.Sting.SoftwareUpdate.Lifecycle.SoftwareUpdateLifecycleProcessManager][Thread:7]SoftwareUpdateLifecycleProcessManager StateMachine firing event 'StartedUp' ...[EOL]
[2026-09-30 10:40:54.930Z][SU][INF][Logger:Roche.Sting.SoftwareUpdate.Lifecycle.SoftwareUpdateLifecycleProcessManager][Thread:7]Publishing event 'UnitStateChanged' with data UnitId: 'Roche.C5800.SoftwareUpdate', OldState: 'StartingUp', NewState: 'Operational', ProcessContext: 'ContextId: 'Roche.C5800.SoftwareUpdate'' ...[EOL]
[2026-09-30 10:40:54.932Z][SU][INF][Logger:Roche.Sting.SoftwareUpdate.Lifecycle.SoftwareUpdateLifecycleProcessManager][Thread:7]SoftwareUpdateLifecycleProcessManager StateMachine changed from state 'StartingUp' to 'Operational'[EOL]
[2026-09-30 10:40:54.933Z][SU][INF][Logger:Roche.Sting.SoftwareUpdate.Lifecycle.SoftwareUpdateLifecycleProcessManager][Thread:7]State machine transited to state 'Operational'[EOL]
[2026-09-30 10:44:02.913Z][SU][INF][Logger:Roche.Sting.SoftwareUpdate.Lifecycle.SoftwareUpdateLifecycleProcessManager][Thread:24]Handling event 'InstrumentStateChanged' from IS with data OldState: 'StartingUp', NewState: 'Initializing', ProcessContext: 'ContextId: 'InstrumentState.InstrumentStateManager'' ...[EOL]
[2026-09-30 10:45:08.154Z][SU][INF][Logger:Roche.Sting.SoftwareUpdate.PackageManagement.Handlers.CurrentUserIdProvider][Thread:20]Start handling event 'UserLoggedIn' with data UserData: 'Userid: 'sobierm1', Roles: 'X800DM_RSR', UserInfo: 'Fullname: '<null>', Email: '<null>'', UserPreferences: 'Nickname: 'roche fsr', Lab_language: 'pl-PL', Preferred_language: 'en-US', Virtual_keyboard: 'en-US''', Timestamp: '2026-09-30 10:45:08.136Z' ...[EOL]
[2026-09-30 10:45:08.154Z][SU][INF][Logger:Roche.Sting.SoftwareUpdate.PackageManagement.Handlers.CurrentUserIdProvider][Thread:20]Finished handling event 'UserLoggedIn' with data UserData: 'Userid: 'sobierm1', Roles: 'X800DM_RSR', UserInfo: 'Fullname: '<null>', Email: '<null>'', UserPreferences: 'Nickname: 'roche fsr', Lab_language: 'pl-PL', Preferred_language: 'en-US', Virtual_keyboard: 'en-US''', Timestamp: '2026-09-30 10:45:08.136Z'[EOL]
[2026-09-30 10:48:40.276Z][SU][INF][Logger:Roche.Sting.SoftwareUpdate.Lifecycle.SoftwareUpdateLifecycleProcessManager][Thread:35]Handling event 'InstrumentStateChanged' from IS with data OldState: 'Initializing', NewState: 'Standby', ProcessContext: 'ContextId: 'InstrumentState.InstrumentStateManager'' ...[EOL]
[2026-09-30 10:49:05.565Z][SU][INF][Logger:Roche.Sting.SoftwareUpdate.Lifecycle.SoftwareUpdateLifecycleProcessManager][Thread:38]Handling event 'InstrumentStateChanged' from IS with data OldState: 'Standby', NewState: 'Service', ProcessContext: 'ContextId: 'InstrumentState.InstrumentStateManager'' ...[EOL]
[2026-09-30 11:38:08.032Z][SU][INF][Logger:Roche.Sting.SoftwareUpdate.Lifecycle.SoftwareUpdateLifecycleProcessManager][Thread:63]Handling event 'InstrumentStateChanged' from IS with data OldState: 'Service', NewState: 'ShuttingDown', ProcessContext: 'ContextId: 'InstrumentState.InstrumentStateManager'' ...[EOL]
[2026-09-30 11:38:08.032Z][SU][INF][Logger:Roche.Sting.SoftwareUpdate.Lifecycle.SoftwareUpdateLifecycleProcessManager][Thread:63]SoftwareUpdateLifecycleProcessManager StateMachine firing event 'ShuttingDown' ...[EOL]
[2026-09-30 11:38:08.032Z][SU][INF][Logger:Roche.Sting.SoftwareUpdate.Lifecycle.SoftwareUpdateLifecycleProcessManager][Thread:63]Publishing event 'UnitStateChanged' with data UnitId: 'Roche.C5800.SoftwareUpdate', OldState: 'Operational', NewState: 'ShuttingDown', ProcessContext: 'ContextId: 'Roche.C5800.SoftwareUpdate'' ...[EOL]
[2026-09-30 11:38:08.034Z][SU][INF][Logger:Roche.Sting.SoftwareUpdate.Lifecycle.SoftwareUpdateLifecycleProcessManager][Thread:63]SoftwareUpdateLifecycleProcessManager StateMachine changed from state 'Operational' to 'ShuttingDown'[EOL]
[2026-09-30 11:38:08.034Z][SU][INF][Logger:Roche.Sting.SoftwareUpdate.Lifecycle.SoftwareUpdateLifecycleProcessManager][Thread:63]State machine transited to state 'ShuttingDown'[EOL]
[2026-09-30 11:38:08.034Z][SU][INF][Logger:Roche.Sting.SoftwareUpdate.Lifecycle.SoftwareUpdateLifecycleProcessManager][Thread:63]SoftwareUpdateLifecycleProcessManager StateMachine firing event 'ShutDown' ...[EOL]
[2026-09-30 11:38:08.034Z][SU][INF][Logger:Roche.Sting.SoftwareUpdate.Lifecycle.SoftwareUpdateLifecycleProcessManager][Thread:63]Publishing event 'UnitStateChanged' with data UnitId: 'Roche.C5800.SoftwareUpdate', OldState: 'ShuttingDown', NewState: 'ShutDown', ProcessContext: 'ContextId: 'Roche.C5800.SoftwareUpdate'' ...[EOL]
[2026-09-30 11:38:08.035Z][SU][INF][Logger:Roche.Dia.Messaging.RabbitMQ.RabbitMQClient][Thread:63]Stop receiving messages for SystemMessageBus ...[EOL]
[2026-09-30 11:38:08.074Z][SU][INF][Logger:Roche.Sting.SoftwareUpdate.SoftwareUpdateModule][Thread:63]Shutting down module 'SoftwareUpdateModule' ...[EOL]
[2026-09-30 11:38:08.075Z][SU][INF][Logger:Roche.Sting.SoftwareUpdate.SoftwareUpdateModule][Thread:63]Shutting down submodule 'SoftwareUpdateModule' ...[EOL]
[2026-09-30 11:38:08.075Z][SU][INF][Logger:Roche.Sting.SoftwareUpdate.PackageManagement.Installation.UpdateInstallationModule][Thread:63]Shutting down submodule 'UpdateInstallationModule' ...[EOL]
[2026-09-30 11:38:08.076Z][SU][INF][Logger:Roche.Sting.SoftwareUpdate.PackageManagement.Installation.UpdateInstallationModule][Thread:63]'UpdateInstallationModule' submodule successfully shut down[EOL]
[2026-09-30 11:38:08.077Z][SU][INF][Logger:Roche.Sting.SoftwareUpdate.PackageManagement.Import.PackageImportModule][Thread:63]Shutting down submodule 'PackageImportModule' ...[EOL]
[2026-09-30 11:38:08.077Z][SU][INF][Logger:Roche.Sting.SoftwareUpdate.PackageManagement.Import.PackageImportModule][Thread:63]'PackageImportModule' submodule successfully shut down[EOL]
[2026-09-30 11:38:08.078Z][SU][INF][Logger:Roche.Sting.SoftwareUpdate.PackageManagement.UpdateManagerModule][Thread:63]Shutting down submodule 'UpdateManagerModule' ...[EOL]
[2026-09-30 11:38:08.078Z][SU][INF][Logger:Roche.Sting.SoftwareUpdate.PackageManagement.UpdateManagerModule][Thread:63]'UpdateManagerModule' submodule successfully shut down[EOL]
[2026-09-30 11:38:08.079Z][SU][INF][Logger:Roche.Sting.SoftwareUpdate.OperatingSystem.OperatingSystemModule][Thread:63]Shutting down submodule 'OperatingSystemModule' ...[EOL]
[2026-09-30 11:38:08.079Z][SU][INF][Logger:Roche.Sting.SoftwareUpdate.OperatingSystem.OperatingSystemModule][Thread:63]'OperatingSystemModule' submodule successfully shut down[EOL]
[2026-09-30 11:38:08.079Z][SU][INF][Logger:Roche.Sting.SoftwareUpdate.SoftwareUpdateModule][Thread:63]'SoftwareUpdateModule' submodule successfully shut down[EOL]
[2026-09-30 11:38:08.080Z][SU][INF][Logger:Roche.Sting.SoftwareUpdate.SoftwareUpdateModule][Thread:63]'SoftwareUpdateModule' module successfully shut down[EOL]
[2026-09-30 11:38:08.080Z][SU][INF][Logger:Roche.Sting.SoftwareUpdate.Lifecycle.SoftwareUpdateLifecycleProcessManager][Thread:63]SoftwareUpdateLifecycleProcessManager StateMachine changed from state 'ShuttingDown' to 'ShutDown'[EOL]
[2026-09-30 11:38:08.082Z][SU][INF][Logger:Roche.Sting.SoftwareUpdate.Lifecycle.SoftwareUpdateLifecycleProcessManager][Thread:63]State machine transited to state 'ShutDown'[EOL]
[2026-09-30 11:38:08.082Z][SU][INF][Logger:Roche.Sting.SoftwareUpdate.Runner.Program][Thread:64]Unit 'SoftwareUpdate' is shut down[EOL]
[2026-09-30 11:38:08.083Z][SU][INF][Logger:Roche.Sting.SoftwareUpdate.Lifecycle.Configuration.Lifecycle][Thread:64]Shutting down 'Lifecycle' ...[EOL]
[2026-09-30 11:38:08.084Z][SU][INF][Logger:Roche.Sting.SoftwareUpdate.Lifecycle.SoftwareUpdateLifecycleProcessManager][Thread:64]SoftwareUpdateLifecycleProcessManager StateMachine stopped[EOL]
[2026-09-30 11:38:08.084Z][SU][INF][Logger:Roche.Sting.SoftwareUpdate.Lifecycle.Configuration.Lifecycle][Thread:64]'Lifecycle' successfully stopped[EOL]
[2026-09-30 11:38:08.084Z][SU][INF][Logger:Roche.Sting.SoftwareUpdate.Lifecycle.SoftwareUpdateLifecycleProcessManager][Thread:63]SoftwareUpdateLifecycleProcessManager StateMachine stopped[EOL]
[2026-09-30 11:38:08.084Z][SU][INF][Logger:Roche.Sting.SoftwareUpdate.SoftwareUpdateModule][Thread:64]Shutting down module 'SoftwareUpdateModule' ...[EOL]
[2026-09-30 11:38:08.084Z][SU][INF][Logger:Roche.Sting.SoftwareUpdate.SoftwareUpdateModule][Thread:64]Shutting down submodule 'SoftwareUpdateModule' ...[EOL]
[2026-09-30 11:38:08.084Z][SU][INF][Logger:Roche.Sting.SoftwareUpdate.PackageManagement.Installation.UpdateInstallationModule][Thread:64]Shutting down submodule 'UpdateInstallationModule' ...[EOL]
[2026-09-30 11:38:08.084Z][SU][INF][Logger:Roche.Sting.SoftwareUpdate.PackageManagement.Installation.UpdateInstallationModule][Thread:64]'UpdateInstallationModule' submodule successfully shut down[EOL]
[2026-09-30 11:38:08.084Z][SU][INF][Logger:Roche.Sting.SoftwareUpdate.PackageManagement.Import.PackageImportModule][Thread:64]Shutting down submodule 'PackageImportModule' ...[EOL]
[2026-09-30 11:38:08.084Z][SU][INF][Logger:Roche.Sting.SoftwareUpdate.PackageManagement.Import.PackageImportModule][Thread:64]'PackageImportModule' submodule successfully shut down[EOL]
[2026-09-30 11:38:08.085Z][SU][INF][Logger:Roche.Sting.SoftwareUpdate.PackageManagement.UpdateManagerModule][Thread:64]Shutting down submodule 'UpdateManagerModule' ...[EOL]
[2026-09-30 11:38:08.085Z][SU][INF][Logger:Roche.Sting.SoftwareUpdate.PackageManagement.UpdateManagerModule][Thread:64]'UpdateManagerModule' submodule successfully shut down[EOL]
[2026-09-30 11:38:08.085Z][SU][INF][Logger:Roche.Sting.SoftwareUpdate.OperatingSystem.OperatingSystemModule][Thread:64]Shutting down submodule 'OperatingSystemModule' ...[EOL]
[2026-09-30 11:38:08.085Z][SU][INF][Logger:Roche.Sting.SoftwareUpdate.OperatingSystem.OperatingSystemModule][Thread:64]'OperatingSystemModule' submodule successfully shut down[EOL]
[2026-09-30 11:38:08.085Z][SU][INF][Logger:Roche.Sting.SoftwareUpdate.SoftwareUpdateModule][Thread:64]'SoftwareUpdateModule' submodule successfully shut down[EOL]
[2026-09-30 11:38:08.085Z][SU][INF][Logger:Roche.Sting.SoftwareUpdate.SoftwareUpdateModule][Thread:64]'SoftwareUpdateModule' module successfully shut down[EOL]
[2026-09-30 11:38:08.086Z][SU][INF][Logger:Roche.X800.PerformanceMonitoring.PerformanceCounterListener][Thread:64]Shutting down instance ...[EOL]
[2026-09-30 11:38:08.086Z][SU][INF][Logger:Roche.X800.PerformanceMonitoring.EchoSender][Thread:64]Shutting down instance ...[EOL]
[2026-09-30 11:41:02.280Z][SU][INF][Logger:Roche.Sting.SoftwareUpdate.Runner.Bootstrapper][Thread:1]Configuring unit 'SoftwareUpdate' with version '1.11.1+1195859.5c938b77ab294ea9ecd5eabeeb309aa63b5f5c60' ...[EOL]
[2026-09-30 11:41:02.565Z][SU][INF][Logger:Roche.Sting.SoftwareUpdate.SoftwareUpdateModule][Thread:1]Configuring module 'SoftwareUpdateModule' ...[EOL]
[2026-09-30 11:41:02.568Z][SU][INF][Logger:Roche.Sting.SoftwareUpdate.SoftwareUpdateModule][Thread:1]Configuring submodule 'SoftwareUpdateModule' ...[EOL]
[2026-09-30 11:41:02.569Z][SU][INF][Logger:Roche.Sting.SoftwareUpdate.OperatingSystem.OperatingSystemModule][Thread:1]Configuring submodule 'OperatingSystemModule' ...[EOL]
[2026-09-30 11:41:02.569Z][SU][INF][Logger:Roche.Sting.SoftwareUpdate.OperatingSystem.OperatingSystemModule][Thread:1]'OperatingSystemModule' submodule successfully configured[EOL]
[2026-09-30 11:41:02.573Z][SU][INF][Logger:Roche.Sting.SoftwareUpdate.PackageManagement.UpdateManagerModule][Thread:1]Configuring submodule 'UpdateManagerModule' ...[EOL]
[2026-09-30 11:41:02.573Z][SU][INF][Logger:Roche.Sting.SoftwareUpdate.PackageManagement.UpdateManagerModule][Thread:1]'UpdateManagerModule' submodule successfully configured[EOL]
[2026-09-30 11:41:02.574Z][SU][INF][Logger:Roche.Sting.SoftwareUpdate.PackageManagement.Import.PackageImportModule][Thread:1]Configuring submodule 'PackageImportModule' ...[EOL]
[2026-09-30 11:41:02.574Z][SU][INF][Logger:Roche.Sting.SoftwareUpdate.PackageManagement.Import.PackageImportModule][Thread:1]'PackageImportModule' submodule successfully configured[EOL]
[2026-09-30 11:41:02.575Z][SU][INF][Logger:Roche.Sting.SoftwareUpdate.PackageManagement.Installation.UpdateInstallationModule][Thread:1]Configuring submodule 'UpdateInstallationModule' ...[EOL]
[2026-09-30 11:41:02.575Z][SU][INF][Logger:Roche.Sting.SoftwareUpdate.PackageManagement.Installation.UpdateInstallationModule][Thread:1]'UpdateInstallationModule' submodule successfully configured[EOL]
[2026-09-30 11:41:02.575Z][SU][INF][Logger:Roche.Sting.SoftwareUpdate.SoftwareUpdateModule][Thread:1]'SoftwareUpdateModule' submodule successfully configured[EOL]
[2026-09-30 11:41:02.575Z][SU][INF][Logger:Roche.Sting.SoftwareUpdate.SoftwareUpdateModule][Thread:1]'SoftwareUpdateModule' module successfully configured[EOL]
[2026-09-30 11:41:02.581Z][SU][INF][Logger:Roche.Sting.SoftwareUpdate.Lifecycle.Configuration.Lifecycle][Thread:1]Configuring 'Lifecycle' ...[EOL]
[2026-09-30 11:41:02.581Z][SU][INF][Logger:Roche.Sting.SoftwareUpdate.Lifecycle.Configuration.Lifecycle][Thread:1]'Lifecycle' successfully configured[EOL]
[2026-09-30 11:41:02.582Z][SU][INF][Logger:Roche.Sting.SoftwareUpdate.Runner.Bootstrapper][Thread:1]Starting unit 'SoftwareUpdate' with version '1.11.1+1195859.5c938b77ab294ea9ecd5eabeeb309aa63b5f5c60' ...[EOL]
[2026-09-30 11:41:02.588Z][SU][INF][Logger:Roche.Dia.Messaging.RabbitMQ.RabbitMQClient][Thread:1]Initializing Messagebus(SystemMessageBus) ...[EOL]
[2026-09-30 11:41:07.224Z][SU][INF][Logger:Roche.X800.PerformanceMonitoring.PerformanceCounterListener][Thread:1]Configured instance with 'enabled=True intervalSeconds=30 counters=[System.Runtime.cpu-usage, System.Runtime.working-set, System.Runtime.gc-heap-size, System.Runtime.gc-fragmentation, System.Runtime.alloc-rate, System.Runtime.time-in-gc, System.Runtime.threadpool-queue-length, System.Runtime.threadpool-completed-items-count, System.Runtime.monitor-lock-contention-count, System.Runtime.active-timer-count, System.Runtime.exception-count]'[EOL]
[2026-09-30 11:41:07.226Z][SU][INF][Logger:Roche.X800.PerformanceMonitoring.PerformanceCounterListener][Thread:1]Starting up instance ...[EOL]
[2026-09-30 11:41:07.226Z][SU][INF][Logger:Roche.X800.PerformanceMonitoring.PerformanceCounterListener][Thread:1]Enabling counters of 'System.Runtime' ...[EOL]
[2026-09-30 11:41:07.232Z][SU][INF][Logger:Roche.X800.PerformanceMonitoring.EchoSender][Thread:1]Configured instance with 'unit=Roche.C5800.SoftwareUpdate'[EOL]
[2026-09-30 11:41:07.232Z][SU][INF][Logger:Roche.X800.PerformanceMonitoring.EchoSender][Thread:1]Starting up instance ...[EOL]
[2026-09-30 11:41:07.235Z][SU][INF][Logger:Roche.Sting.SoftwareUpdate.SoftwareUpdateModule][Thread:1]Starting up module 'SoftwareUpdateModule' ...[EOL]
[2026-09-30 11:41:07.423Z][SU][INF][Logger:Roche.Sting.SoftwareUpdate.PackageManagement.Persistence.PendingPackagesPersistence][Thread:1]Publishing event 'MarkedPackagesChanged' with data Records: '<emptycollection>', Timestamp: '2026-09-30 11:41:07.419Z' ...[EOL]
[2026-09-30 11:41:07.471Z][SU][INF][Logger:Roche.Sting.SoftwareUpdate.PackageManagement.Persistence.AvailablePackagesPersistence][Thread:1]Publishing event 'AvailablePackagesChanged' with data Packages: '<emptycollection>', Timestamp: '2026-09-30 11:41:07.470Z' ...[EOL]
[2026-09-30 11:41:07.480Z][SU][INF][Logger:Roche.Sting.SoftwareUpdate.PackageManagement.Persistence.DismissedPackagesPersistence][Thread:1]Publishing event 'DismissedPackagesChanged' with data Records: '<emptycollection>', Timestamp: '2026-09-30 11:41:07.480Z' ...[EOL]
[2026-09-30 11:41:07.490Z][SU][INF][Logger:Roche.Sting.SoftwareUpdate.PackageManagement.Persistence.InstallHistoryPersistence][Thread:1]Publishing event 'InstallHistoryChanged' with data Packages: 'Id: 'SW.1.0.6.0015.20241022-072944', DisplayName: 'System Software version 1.0.6.0015', PackageType: 'SystemUpdate', OnDate: '2024-10-22 07:29:44.000Z', ByUser: 'RSR', Id: 'LanguagePackage.1.2.0.0.en-US.20240220-145207', DisplayName: 'Language pack (English (United States)) version 1.2.0', PackageType: 'LanguagePackage', OnDate: '2026-01-20 14:04:18.303Z', ByUser: 'rsr/lukaszl1', Id: 'UserAssistance.2.3.0.2425.en.20240906-123335', DisplayName: 'User assistance (English) version 2.3.0', PackageType: 'UserAssistance', OnDate: '2026-01-20 14:04:18.303Z', ByUser: 'rsr/lukaszl1', Id: 'UserAssistance.2.3.0.2446.pl.20240912-143541', DisplayName: 'User assistance (Polish) version 2.3.0', PackageType: 'UserAssistance', OnDate: '2026-01-20 14:04:18.303Z', ByUser: 'rsr/lukaszl1', Id: 'LanguagePackage.1.2.0.0.pl-PL.20240220-144123', DisplayName: 'Language pack (Polish (Poland)) version 1.2.0', PackageType: 'LanguagePackage', OnDate: '2026-03-04 07:34:12.618Z', ByUser: 'szczecin7'', Timestamp: '2026-09-30 11:41:07.490Z' ...[EOL]
[2026-09-30 11:41:07.497Z][SU][INF][Logger:Roche.Sting.SoftwareUpdate.PackageManagement.Service.UpdatePackageServiceStarter][Thread:1]Starting to monitor folder 'import-repository' ...[EOL]
[2026-09-30 11:41:07.509Z][SU][INF][Logger:Roche.Sting.SoftwareUpdate.SoftwareUpdateModule][Thread:1]Starting up submodule 'SoftwareUpdateModule' ...[EOL]
[2026-09-30 11:41:07.509Z][SU][INF][Logger:Roche.Sting.SoftwareUpdate.OperatingSystem.OperatingSystemModule][Thread:1]Starting up submodule 'OperatingSystemModule' ...[EOL]
[2026-09-30 11:41:07.509Z][SU][INF][Logger:Roche.Sting.SoftwareUpdate.OperatingSystem.OperatingSystemModule][Thread:1]'OperatingSystemModule' submodule successfully started[EOL]
[2026-09-30 11:41:07.510Z][SU][INF][Logger:Roche.Sting.SoftwareUpdate.PackageManagement.UpdateManagerModule][Thread:1]Starting up submodule 'UpdateManagerModule' ...[EOL]
[2026-09-30 11:41:07.510Z][SU][INF][Logger:Roche.Sting.SoftwareUpdate.PackageManagement.UpdateManagerModule][Thread:1]'UpdateManagerModule' submodule successfully started[EOL]
[2026-09-30 11:41:07.549Z][SU][INF][Logger:Roche.Sting.SoftwareUpdate.PackageManagement.Import.PackageImportModule][Thread:1]Starting up submodule 'PackageImportModule' ...[EOL]
[2026-09-30 11:41:07.549Z][SU][INF][Logger:Roche.Sting.SoftwareUpdate.PackageManagement.Import.PackageImportModule][Thread:1]'PackageImportModule' submodule successfully started[EOL]
[2026-09-30 11:41:07.558Z][SU][INF][Logger:Roche.Sting.SoftwareUpdate.PackageManagement.Installation.UpdateInstallationModule][Thread:1]Starting up submodule 'UpdateInstallationModule' ...[EOL]
[2026-09-30 11:41:07.558Z][SU][INF][Logger:Roche.Sting.SoftwareUpdate.PackageManagement.Installation.UpdateInstallationModule][Thread:1]'UpdateInstallationModule' submodule successfully started[EOL]
[2026-09-30 11:41:07.558Z][SU][INF][Logger:Roche.Sting.SoftwareUpdate.SoftwareUpdateModule][Thread:1]'SoftwareUpdateModule' submodule successfully started[EOL]
[2026-09-30 11:41:07.558Z][SU][INF][Logger:Roche.Sting.SoftwareUpdate.SoftwareUpdateModule][Thread:1]'SoftwareUpdateModule' module successfully started[EOL]
[2026-09-30 11:41:07.558Z][SU][INF][Logger:Roche.Sting.SoftwareUpdate.Lifecycle.Configuration.Lifecycle][Thread:1]Starting up 'Lifecycle' ...[EOL]
[2026-09-30 11:41:07.634Z][SU][INF][Logger:Roche.Dia.Messaging.RabbitMQ.RabbitMQClient][Thread:1]Start receiving messages for SystemMessageBus ...[EOL]
[2026-09-30 11:41:07.653Z][SU][INF][Logger:Roche.Sting.SoftwareUpdate.Lifecycle.SoftwareUpdateLifecycleProcessManager][Thread:1]SoftwareUpdateLifecycleProcessManager StateMachine started[EOL]
[2026-09-30 11:41:07.653Z][SU][INF][Logger:Roche.Sting.SoftwareUpdate.Lifecycle.Configuration.Lifecycle][Thread:1]'Lifecycle' successfully started[EOL]
[2026-09-30 11:41:07.653Z][SU][INF][Logger:Roche.Sting.SoftwareUpdate.Runner.Program][Thread:1]Unit 'SoftwareUpdate' successfully started[EOL]
[2026-09-30 11:41:07.761Z][SU][INF][Logger:Roche.Sting.SoftwareUpdate.Lifecycle.SoftwareUpdateLifecycleProcessManager][Thread:11]SoftwareUpdateLifecycleProcessManager StateMachine changed from state '<null>' to 'Initial'[EOL]
[2026-09-30 11:41:07.782Z][SU][INF][Logger:Roche.Sting.SoftwareUpdate.Lifecycle.SoftwareUpdateLifecycleProcessManager][Thread:11]SoftwareUpdateLifecycleProcessManager StateMachine firing event 'Configured' ...[EOL]
[2026-09-30 11:41:07.832Z][SU][INF][Logger:Roche.Sting.SoftwareUpdate.Lifecycle.SoftwareUpdateLifecycleProcessManager][Thread:11]Publishing event 'SoftwareUpdatePending' with data IsPending: 'False' ...[EOL]
[2026-09-30 11:41:07.842Z][SU][INF][Logger:Roche.Sting.SoftwareUpdate.Lifecycle.SoftwareUpdateLifecycleProcessManager][Thread:11]Publishing event 'UnitStateChanged' with data UnitId: 'Roche.C5800.SoftwareUpdate', OldState: 'Initial', NewState: 'Configured', ProcessContext: 'ContextId: 'Roche.C5800.SoftwareUpdate'' ...[EOL]
[2026-09-30 11:41:07.896Z][SU][INF][Logger:Roche.Sting.SoftwareUpdate.Lifecycle.SoftwareUpdateLifecycleProcessManager][Thread:11]SoftwareUpdateLifecycleProcessManager StateMachine changed from state 'Initial' to 'Configured'[EOL]
[2026-09-30 11:41:07.897Z][SU][INF][Logger:Roche.Sting.SoftwareUpdate.Lifecycle.SoftwareUpdateLifecycleProcessManager][Thread:11]State machine transited to state 'Configured'[EOL]
[2026-09-30 11:41:08.580Z][SU][INF][Logger:Roche.Sting.SoftwareUpdate.Lifecycle.SoftwareUpdateLifecycleProcessManager][Thread:10]Handling event 'InstrumentStateChanged' from IS with data OldState: 'PoweredOff', NewState: 'PoweredOff', ProcessContext: 'ContextId: 'InstrumentState.InstrumentStateManager'' ...[EOL]
[2026-09-30 11:41:10.489Z][SU][INF][Logger:Roche.Sting.SoftwareUpdate.Lifecycle.SoftwareUpdateLifecycleProcessManager][Thread:11]Handling event 'InstrumentStateChanged' from IS with data OldState: 'PoweredOff', NewState: 'StartingUp', ProcessContext: 'ContextId: 'InstrumentState.InstrumentStateManager'' ...[EOL]
[2026-09-30 11:41:10.491Z][SU][INF][Logger:Roche.Sting.SoftwareUpdate.Lifecycle.SoftwareUpdateLifecycleProcessManager][Thread:11]SoftwareUpdateLifecycleProcessManager StateMachine firing event 'Startup' ...[EOL]
[2026-09-30 11:41:10.492Z][SU][INF][Logger:Roche.Sting.SoftwareUpdate.Lifecycle.SoftwareUpdateLifecycleProcessManager][Thread:11]Publishing event 'UnitStateChanged' with data UnitId: 'Roche.C5800.SoftwareUpdate', OldState: 'Configured', NewState: 'StartingUp', ProcessContext: 'ContextId: 'Roche.C5800.SoftwareUpdate'' ...[EOL]
[2026-09-30 11:41:10.492Z][SU][INF][Logger:Roche.Sting.SoftwareUpdate.Lifecycle.SoftwareUpdateLifecycleProcessManager][Thread:11]SoftwareUpdateLifecycleProcessManager StateMachine changed from state 'Configured' to 'StartingUp'[EOL]
[2026-09-30 11:41:10.492Z][SU][INF][Logger:Roche.Sting.SoftwareUpdate.Lifecycle.SoftwareUpdateLifecycleProcessManager][Thread:11]State machine transited to state 'StartingUp'[EOL]
[2026-09-30 11:41:10.492Z][SU][INF][Logger:Roche.Sting.SoftwareUpdate.Lifecycle.SoftwareUpdateLifecycleProcessManager][Thread:11]SoftwareUpdateLifecycleProcessManager StateMachine firing event 'StartedUp' ...[EOL]
[2026-09-30 11:41:10.492Z][SU][INF][Logger:Roche.Sting.SoftwareUpdate.Lifecycle.SoftwareUpdateLifecycleProcessManager][Thread:11]Publishing event 'UnitStateChanged' with data UnitId: 'Roche.C5800.SoftwareUpdate', OldState: 'StartingUp', NewState: 'Operational', ProcessContext: 'ContextId: 'Roche.C5800.SoftwareUpdate'' ...[EOL]
[2026-09-30 11:41:10.493Z][SU][INF][Logger:Roche.Sting.SoftwareUpdate.Lifecycle.SoftwareUpdateLifecycleProcessManager][Thread:11]SoftwareUpdateLifecycleProcessManager StateMachine changed from state 'StartingUp' to 'Operational'[EOL]
[2026-09-30 11:41:10.493Z][SU][INF][Logger:Roche.Sting.SoftwareUpdate.Lifecycle.SoftwareUpdateLifecycleProcessManager][Thread:11]State machine transited to state 'Operational'[EOL]
[2026-09-30 11:41:51.623Z][SU][INF][Logger:Roche.Sting.SoftwareUpdate.Lifecycle.SoftwareUpdateLifecycleProcessManager][Thread:18]Handling event 'InstrumentStateChanged' from IS with data OldState: 'StartingUp', NewState: 'Initializing', ProcessContext: 'ContextId: 'InstrumentState.InstrumentStateManager'' ...[EOL]
[2026-09-30 11:41:53.807Z][SU][INF][Logger:Roche.Sting.SoftwareUpdate.PackageManagement.Handlers.CurrentUserIdProvider][Thread:10]Start handling event 'UserLoggedIn' with data UserData: 'Userid: 'sobierm1', Roles: 'X800DM_RSR', UserInfo: 'Fullname: '<null>', Email: '<null>'', UserPreferences: 'Nickname: 'roche fsr', Lab_language: 'pl-PL', Preferred_language: 'en-US', Virtual_keyboard: 'en-US''', Timestamp: '2026-09-30 11:41:53.792Z' ...[EOL]
[2026-09-30 11:41:53.807Z][SU][INF][Logger:Roche.Sting.SoftwareUpdate.PackageManagement.Handlers.CurrentUserIdProvider][Thread:10]Finished handling event 'UserLoggedIn' with data UserData: 'Userid: 'sobierm1', Roles: 'X800DM_RSR', UserInfo: 'Fullname: '<null>', Email: '<null>'', UserPreferences: 'Nickname: 'roche fsr', Lab_language: 'pl-PL', Preferred_language: 'en-US', Virtual_keyboard: 'en-US''', Timestamp: '2026-09-30 11:41:53.792Z'[EOL]
[2026-09-30 11:46:40.591Z][SU][INF][Logger:Roche.Sting.SoftwareUpdate.Lifecycle.SoftwareUpdateLifecycleProcessManager][Thread:38]Handling event 'InstrumentStateChanged' from IS with data OldState: 'Initializing', NewState: 'Standby', ProcessContext: 'ContextId: 'InstrumentState.InstrumentStateManager'' ...[EOL]
[2026-09-30 12:51:59.081Z][SU][INF][Logger:Roche.Sting.SoftwareUpdate.Lifecycle.SoftwareUpdateLifecycleProcessManager][Thread:31]Handling event 'InstrumentStateChanged' from IS with data OldState: 'Standby', NewState: 'Preparing', ProcessContext: 'ContextId: 'InstrumentState.InstrumentStateManager'' ...[EOL]
[2026-09-30 12:56:38.355Z][SU][INF][Logger:Roche.Sting.SoftwareUpdate.Lifecycle.SoftwareUpdateLifecycleProcessManager][Thread:41]Handling event 'InstrumentStateChanged' from IS with data OldState: 'Preparing', NewState: 'Ready', ProcessContext: 'ContextId: 'InstrumentState.InstrumentStateManager'' ...[EOL]
[2026-09-30 13:03:45.808Z][SU][INF][Logger:Roche.Sting.SoftwareUpdate.Lifecycle.SoftwareUpdateLifecycleProcessManager][Thread:67]Handling event 'InstrumentStateChanged' from IS with data OldState: 'Ready', NewState: 'Processing', ProcessContext: 'ContextId: 'InstrumentState.InstrumentStateManager'' ...[EOL]
[2026-09-30 15:13:58.311Z][SU][INF][Logger:Roche.Sting.SoftwareUpdate.Lifecycle.SoftwareUpdateLifecycleProcessManager][Thread:10]Handling event 'InstrumentStateChanged' from IS with data OldState: 'Processing', NewState: 'Ready', ProcessContext: 'ContextId: 'InstrumentState.InstrumentStateManager'' ...[EOL]
[2026-09-30 21:13:58.316Z][SU][INF][Logger:Roche.Sting.SoftwareUpdate.Lifecycle.SoftwareUpdateLifecycleProcessManager][Thread:70]Handling event 'InstrumentStateChanged' from IS with data OldState: 'Ready', NewState: 'Standby', ProcessContext: 'ContextId: 'InstrumentState.InstrumentStateManager'' ...[EOL]
